// Jest Snapshot v1, https://goo.gl/fbAQLP

exports[`Test NewsDetails component it should render NewsDetails component correctly 1`] = `
<div>
  <div>
    Product Not Found
  </div>
</div>
`;
